// Vitest Snapshot v1

exports[`NavBar > It should render the generic navigation bar with title "test label" and match the snapshot 1`] = `
"<div class=\\"min-h-full\\">
  <nav class=\\"bg-tvm-green\\">
    <div class=\\"mx-auto max-w-7xl px-4 sm:px-6 lg:px-8\\">
      <div class=\\"flex h-16 items-center justify-between\\">
        <div class=\\"flex items-center\\">
          <div class=\\"flex-shrink-0\\"><img class=\\"h-8 w-8\\" src=\\"/src/assets/images/tv_logo.png\\"></div>
          <div>
            <div class=\\"ml-10 flex items-baseline space-x-6\\">
              <router-link class=\\"text-white\\" to=\\"[object Object]\\"></router-link>
              <router-link class=\\"text-white\\" to=\\"[object Object]\\"></router-link>
              <router-link class=\\"text-white\\" to=\\"[object Object]\\"></router-link>
            </div>
          </div>
        </div>
      </div>
    </div>
  </nav>
</div>"
`;
